ili9163.c:10:6:ILI9163_writeCommand	16	static
ili9163.c:20:6:ILI9163_writeData	16	static
ili9163.c:30:6:ILI9163_writeData16	24	static
ili9163.c:41:6:ILI9163_setAddress	24	static
ili9163.c:54:6:ILI9163_reset	8	static
ili9163.c:63:6:ILI9163_initnew	16	static
ili9163.c:148:6:ILI9163_init	16	static
ili9163.c:256:6:ILI9163_newFrame	16	static
ili9163.c:262:6:ILI9163_render	8	static
ili9163.c:279:6:ILI9163_drawPixel	16	static
ili9163.c:287:6:ILI9163_fillRect	32	static
ili9163.c:294:6:ILI9163_drawRect	32	static
ili9163.c:304:6:ILI9163_drawLine	40	static
ili9163.c:354:6:ILI9163_fillCircle	32	static
ili9163.c:362:6:ILI9163_drawCircle	40	static
ili9163.c:397:6:ILI9163_fillDisplay	24	static
ili9163.c:402:6:ILI9163_drawChar	24	static
ili9163.c:415:6:ILI9163_drawString	40	static
ili9163.c:439:6:ILI9163_drawStringF	112	static
