main.c:168:6:HAL_SPI_TxCpltCallback	16	static
main.c:179:9:map	16	static
main.c:183:10:getTemp	8	static
main.c:192:5:main	8	static
main.c:310:6:SystemClock_Config	96	static
main.c:358:13:MX_ADC1_Init	32	static
main.c:414:13:MX_SPI2_Init	8	static
main.c:452:13:MX_DMA_Init	16	static
main.c:470:13:MX_GPIO_Init	40	static
main.c:536:6:tempMeas	32	static
main.c:581:6:ironControl	32	static
main.c:628:6:safetyCutoff	32	static
main.c:682:6:screenTask	32	static
main.c:728:6:controlTask	16	static
main.c:777:6:zeroCrossing	16	static
main.c:812:6:timeHandler	16	static
main.c:855:6:HAL_TIM_PeriodElapsedCallback	16	static
main.c:872:6:Error_Handler	4	static,ignoring_inline_asm
